
=== New Execution ===
Current directory: C:\Windows\system32
Log path: e:\SomeTing\Object\Web-Wallpaper\runner.log
Full command line: "E:\SomeTing\Object\Web-Wallpaper\runner.exe" "mycmd://ipconfig%20%26%20open%20D%3A%5Ctest.txt/"
argc: 2
argv[0]: E:\SomeTing\Object\Web-Wallpaper\runner.exe
argv[1]: mycmd://ipconfig%20%26%20open%20D%3A%5Ctest.txt/
Extracted command: ipconfig & open D:\test.txt
Wide command: ipconfig & open D:\test.txt
Event: 2026-03-16_14:47:36

=== New Execution ===
Current directory: C:\Windows\system32
Log path: e:\SomeTing\Object\Web-Wallpaper\runner.log
Full command line: "E:\SomeTing\Object\Web-Wallpaper\runner.exe" "mycmd://ipconfig%20%26%20start%20%22%22%20%22D%3A%2Ftest.txt%22/"
argc: 2
argv[0]: E:\SomeTing\Object\Web-Wallpaper\runner.exe
argv[1]: mycmd://ipconfig%20%26%20start%20%22%22%20%22D%3A%2Ftest.txt%22/
Extracted command: ipconfig & start "" "D:/test.txt"
Wide command: ipconfig & start "" "D:/test.txt"
Event: 2026-03-16_14:50:52

=== New Execution ===
Current directory: C:\Windows\system32
Log path: e:\SomeTing\Object\Web-Wallpaper\runner.log
Full command line: "E:\SomeTing\Object\Web-Wallpaper\runner.exe" "mycmd://start%20%22%22D%3A%5Ctest.txt%22%22/"
argc: 2
argv[0]: E:\SomeTing\Object\Web-Wallpaper\runner.exe
argv[1]: mycmd://start%20%22%22D%3A%5Ctest.txt%22%22/
Extracted command: start ""D:\test.txt""
Wide command: start ""D:\test.txt""
Event: 2026-03-16_14:51:22

=== New Execution ===
Current directory: C:\Windows\system32
Log path: e:\SomeTing\Object\Web-Wallpaper\runner.log
Full command line: "E:\SomeTing\Object\Web-Wallpaper\runner.exe" "mycmd://ipconfig%20%26%20start%20%22%22%20%22D%3A%2Ftest.txt%22/"
argc: 2
argv[0]: E:\SomeTing\Object\Web-Wallpaper\runner.exe
argv[1]: mycmd://ipconfig%20%26%20start%20%22%22%20%22D%3A%2Ftest.txt%22/
Extracted command: ipconfig & start "" "D:/test.txt"
Wide command: ipconfig & start "" "D:/test.txt"
Event: 2026-03-16_14:51:50

=== New Execution ===
Current directory: C:\Windows\system32
Log path: e:\SomeTing\Object\Web-Wallpaper\runner.log
Full command line: "E:\SomeTing\Object\Web-Wallpaper\runner.exe" "mycmd://start%20%22%22D%3A%5Ctest.txt%22%22/"
argc: 2
argv[0]: E:\SomeTing\Object\Web-Wallpaper\runner.exe
argv[1]: mycmd://start%20%22%22D%3A%5Ctest.txt%22%22/
Extracted command: start ""D:\test.txt""
Wide command: start ""D:\test.txt""
Event: 2026-03-16_14:57:05

=== New Execution ===
Current directory: C:\Windows\system32
Log path: e:\SomeTing\Object\Web-Wallpaper\runner.log
Full command line: "E:\SomeTing\Object\Web-Wallpaper\runner.exe" "mycmd://ipconfig%20%26%20start%20%22%22%20%22D%3A%2Ftest.txt%22/"
argc: 2
argv[0]: E:\SomeTing\Object\Web-Wallpaper\runner.exe
argv[1]: mycmd://ipconfig%20%26%20start%20%22%22%20%22D%3A%2Ftest.txt%22/
Extracted command: ipconfig & start "" "D:/test.txt"
Wide command: ipconfig & start "" "D:/test.txt"
Event: 2026-03-16_14:57:15

=== New Execution ===
Current directory: C:\Windows\system32
Log path: e:\SomeTing\Object\Web-Wallpaper\runner.log
Full command line: "E:\SomeTing\Object\Web-Wallpaper\runner.exe" "mycmd://start%20%22%22%20%22D%3A%2Ftest.txt%22/"
argc: 2
argv[0]: E:\SomeTing\Object\Web-Wallpaper\runner.exe
argv[1]: mycmd://start%20%22%22%20%22D%3A%2Ftest.txt%22/
Extracted command: start "" "D:/test.txt"
Wide command: start "" "D:/test.txt"
Event: 2026-03-16_15:00:37

=== New Execution ===
Current directory: C:\Windows\system32
Log path: e:\SomeTing\Object\Web-Wallpaper\runner.log
Full command line: "E:\SomeTing\Object\Web-Wallpaper\runner.exe" "mycmd://start%20%22%22D%3A%5Ctest.txt%22%22/"
argc: 2
argv[0]: E:\SomeTing\Object\Web-Wallpaper\runner.exe
argv[1]: mycmd://start%20%22%22D%3A%5Ctest.txt%22%22/
Extracted command: start ""D:\test.txt""
Wide command: start ""D:\test.txt""
Event: 2026-03-16_15:00:48

=== New Execution ===
Current directory: C:\Windows\system32
Log path: e:\SomeTing\Object\Web-Wallpaper\runner.log
Full command line: "E:\SomeTing\Object\Web-Wallpaper\runner.exe" "mycmd://start%20%22%22%20%22D%3A%5Ctest.txt%22/"
argc: 2
argv[0]: E:\SomeTing\Object\Web-Wallpaper\runner.exe
argv[1]: mycmd://start%20%22%22%20%22D%3A%5Ctest.txt%22/
Extracted command: start "" "D:\test.txt"
Wide command: start "" "D:\test.txt"
Event: 2026-03-16_15:16:55

=== New Execution ===
Current directory: C:\Windows\system32
Log path: e:\SomeTing\Object\Web-Wallpaper\runner.log
Full command line: "E:\SomeTing\Object\Web-Wallpaper\runner.exe" "mycmd://ipconfig%20%26%20start%20%22%22%20%22D%3A%5Ctest.txt%22/"
argc: 2
argv[0]: E:\SomeTing\Object\Web-Wallpaper\runner.exe
argv[1]: mycmd://ipconfig%20%26%20start%20%22%22%20%22D%3A%5Ctest.txt%22/
Extracted command: ipconfig & start "" "D:\test.txt"
Wide command: ipconfig & start "" "D:\test.txt"
Event: 2026-03-16_15:17:06

=== New Execution ===
Current directory: C:\Windows\system32
Log path: e:\SomeTing\Object\Web-Wallpaper\runner.log
Full command line: "E:\SomeTing\Object\Web-Wallpaper\runner.exe" "mycmd://start%20%22%22%20%22D%3A%5Ctest.txt%22%20%26%20run%20E%3A%2FSomeTing%2FClickRun.exe/"
argc: 2
argv[0]: E:\SomeTing\Object\Web-Wallpaper\runner.exe
argv[1]: mycmd://start%20%22%22%20%22D%3A%5Ctest.txt%22%20%26%20run%20E%3A%2FSomeTing%2FClickRun.exe/
Extracted command: start "" "D:\test.txt" & run E:/SomeTing/ClickRun.exe
Wide command: start "" "D:\test.txt" & run E:/SomeTing/ClickRun.exe
Event: 2026-03-16_15:17:16

=== New Execution ===
Current directory: C:\Windows\system32
Log path: e:\SomeTing\Object\Web-Wallpaper\runner.log
Full command line: "E:\SomeTing\Object\Web-Wallpaper\runner.exe" "mycmd://ipconfig%20%26%20start%20%22%22%20%22D%3A%5Ctest.txt%22/"
argc: 2
argv[0]: E:\SomeTing\Object\Web-Wallpaper\runner.exe
argv[1]: mycmd://ipconfig%20%26%20start%20%22%22%20%22D%3A%5Ctest.txt%22/
Extracted command: ipconfig & start "" "D:\test.txt"
Wide command: ipconfig & start "" "D:\test.txt"
Event: 2026-03-16_15:19:35

=== New Execution ===
Current directory: C:\Windows\system32
Log path: e:\SomeTing\Object\Web-Wallpaper\runner.log
Full command line: "E:\SomeTing\Object\Web-Wallpaper\runner.exe" "mycmd://start%20%22%22%20%22D%3A%5Ctest.txt%22%20%26%20run%20E%3A%2FSomeTing%2FClickRun.exe/"
argc: 2
argv[0]: E:\SomeTing\Object\Web-Wallpaper\runner.exe
argv[1]: mycmd://start%20%22%22%20%22D%3A%5Ctest.txt%22%20%26%20run%20E%3A%2FSomeTing%2FClickRun.exe/
Extracted command: start "" "D:\test.txt" & run E:/SomeTing/ClickRun.exe
Wide command: start "" "D:\test.txt" & run E:/SomeTing/ClickRun.exe
Event: 2026-03-16_15:45:54

=== New Execution ===
Current directory: C:\Windows\system32
Log path: e:\SomeTing\Object\Web-Wallpaper\runner.log
Full command line: "E:\SomeTing\Object\Web-Wallpaper\runner.exe" "mycmd://ipconfig%20%26%20start%20%22%22%20%22D%3A%5Ctest.txt%22/"
argc: 2
argv[0]: E:\SomeTing\Object\Web-Wallpaper\runner.exe
argv[1]: mycmd://ipconfig%20%26%20start%20%22%22%20%22D%3A%5Ctest.txt%22/
Extracted command: ipconfig & start "" "D:\test.txt"
Wide command: ipconfig & start "" "D:\test.txt"
Event: 2026-03-16_15:45:59

=== New Execution ===
Current directory: C:\Windows\system32
Log path: e:\SomeTing\Object\Web-Wallpaper\runner.log
Full command line: "E:\SomeTing\Object\Web-Wallpaper\runner.exe" "mycmd://ipconfig%20%26%20start%20%22%22%20%22D%3A%5Ctest.txt%22/"
argc: 2
argv[0]: E:\SomeTing\Object\Web-Wallpaper\runner.exe
argv[1]: mycmd://ipconfig%20%26%20start%20%22%22%20%22D%3A%5Ctest.txt%22/
Extracted command: ipconfig & start "" "D:\test.txt"
Wide command: ipconfig & start "" "D:\test.txt"
Event: 2026-03-17_10:06:49

=== New Execution ===
Current directory: C:\Windows\system32
Log path: e:\SomeTing\Object\Web-Wallpaper\runner.log
Full command line: "E:\SomeTing\Object\Web-Wallpaper\runner.exe" "mycmd://%23test/"
argc: 2
argv[0]: E:\SomeTing\Object\Web-Wallpaper\runner.exe
argv[1]: mycmd://%23test/
Extracted command: #test
Wide command: #test
Event: 2026-03-17_11:25:47

=== New Execution ===
Current directory: C:\Windows\system32
Log path: e:\SomeTing\Object\Web-Wallpaper\runner.log
Full command line: "E:\SomeTing\Object\Web-Wallpaper\runner.exe" "mycmd://%23test/"
argc: 2
argv[0]: E:\SomeTing\Object\Web-Wallpaper\runner.exe
argv[1]: mycmd://%23test/
Extracted command: #test
Wide command: #test
Event: 2026-03-17_11:25:56

=== New Execution ===
Current directory: C:\Windows\system32
Log path: e:\SomeTing\Object\Web-Wallpaper\runner.log
Full command line: "E:\SomeTing\Object\Web-Wallpaper\runner.exe" "mycmd://start%20%22%22D%3A%5Ctest.txt%5Cn%23run%22%22/"
argc: 2
argv[0]: E:\SomeTing\Object\Web-Wallpaper\runner.exe
argv[1]: mycmd://start%20%22%22D%3A%5Ctest.txt%5Cn%23run%22%22/
Extracted command: start ""D:\test.txt\n#run""
Wide command: start ""D:\test.txt\n#run""
Event: 2026-03-17_11:27:36

=== New Execution ===
Current directory: C:\Windows\system32
Log path: e:\SomeTing\Object\Web-Wallpaper\runner.log
Full command line: "E:\SomeTing\Object\Web-Wallpaper\runner.exe" "mycmd://start%20%22%22%20%2Fd%20%22D%3A%5Ctest.txt%22%20%22D%3A%5Ctest.txt%5Cn%22/"
argc: 2
argv[0]: E:\SomeTing\Object\Web-Wallpaper\runner.exe
argv[1]: mycmd://start%20%22%22%20%2Fd%20%22D%3A%5Ctest.txt%22%20%22D%3A%5Ctest.txt%5Cn%22/
Extracted command: start "" /d "D:\test.txt" "D:\test.txt\n"
Wide command: start "" /d "D:\test.txt" "D:\test.txt\n"
Event: 2026-03-17_11:51:19

=== New Execution ===
Current directory: C:\Windows\system32
Log path: e:\SomeTing\Object\Web-Wallpaper\runner.log
Full command line: "E:\SomeTing\Object\Web-Wallpaper\runner.exe" "mycmd://start%20%22%22%20%2Fd%20%22D%3A%5Ctest.txt%22%20%22D%3A%5Ctest.txt%5Cn%22/"
argc: 2
argv[0]: E:\SomeTing\Object\Web-Wallpaper\runner.exe
argv[1]: mycmd://start%20%22%22%20%2Fd%20%22D%3A%5Ctest.txt%22%20%22D%3A%5Ctest.txt%5Cn%22/
Extracted command: start "" /d "D:\test.txt" "D:\test.txt\n"
Wide command: start "" /d "D:\test.txt" "D:\test.txt\n"
Event: 2026-03-17_11:51:25

=== New Execution ===
Current directory: C:\Windows\system32
Log path: e:\SomeTing\Object\Web-Wallpaper\runner.log
Full command line: "E:\SomeTing\Object\Web-Wallpaper\runner.exe" "mycmd://start%20%22%22%20%2Fd%20%22D%3A%5Ctest.txt%22%20%22D%3A%5Ctest.txt%5Cn%22/"
argc: 2
argv[0]: E:\SomeTing\Object\Web-Wallpaper\runner.exe
argv[1]: mycmd://start%20%22%22%20%2Fd%20%22D%3A%5Ctest.txt%22%20%22D%3A%5Ctest.txt%5Cn%22/
Extracted command: start "" /d "D:\test.txt" "D:\test.txt\n"
Wide command: start "" /d "D:\test.txt" "D:\test.txt\n"
Event: 2026-03-17_12:00:15

=== New Execution ===
argc: 2
argv[0]: E:\SomeTing\Object\Web-Wallpaper\runner.exe
argv[1]: mycmd://start%20%22%22%20%2Fd%20%22D%3A%5Ctest.txt%22%20%22D%3A%5Ctest.txt%5Cn%22/
Extracted command: start "" /d "D:\test.txt" "D:\test.txt\n"
Wide command: start "" /d "D:\test.txt" "D:\test.txt\n"
Dispatch: start "" /d "D:\test.txt" "D:\test.txt\n"
  -> start path: D:\test.txt\n
ShellExecute: D:\test.txt\n -> FAILED
Done: 2026-03-17 12:01:05

=== New Execution ===
argc: 2
argv[0]: E:\SomeTing\Object\Web-Wallpaper\runner.exe
argv[1]: mycmd://start%20%22%22%20%2Fd%20%22D%3A%5Ctest.txt%22%20%22D%3A%5Ctest.txt%5Cn%22/
Extracted command: start "" /d "D:\test.txt" "D:\test.txt\n"
Wide command: start "" /d "D:\test.txt" "D:\test.txt\n"
Dispatch: start "" /d "D:\test.txt" "D:\test.txt\n"
  -> start path: D:\test.txt\n
ShellExecute: D:\test.txt\n -> FAILED
Done: 2026-03-17 12:01:09

=== New Execution ===
argc: 2
argv[0]: E:\SomeTing\Object\Web-Wallpaper\runner.exe
argv[1]: mycmd://start%20%22D%3A%5Ctest.txt%22/
Extracted command: start "D:\test.txt"
Wide command: start "D:\test.txt"
Dispatch: start "D:\test.txt"
  -> start path: D:\test.txt
ShellExecute: D:\test.txt -> OK
Done: 2026-03-17 12:01:29

=== New Execution ===
argc: 2
argv[0]: E:\SomeTing\Object\Web-Wallpaper\runner.exe
argv[1]: mycmd://start%20%22%22%20%22E%3A%5CSometing%5CClickRun.exe%22/
Extracted command: start "" "E:\Someting\ClickRun.exe"
Wide command: start "" "E:\Someting\ClickRun.exe"
Dispatch: start "" "E:\Someting\ClickRun.exe"
  -> start path: E:\Someting\ClickRun.exe
ShellExecute: E:\Someting\ClickRun.exe -> OK
Done: 2026-03-17 12:01:51

=== New Execution ===
argc: 2
argv[0]: E:\SomeTing\Object\Web-Wallpaper\runner.exe
argv[1]: mycmd://start%20%22D%3A%5Ctest.txt%5Cn%22/
Extracted command: start "D:\test.txt\n"
Wide command: start "D:\test.txt\n"
Dispatch: start "D:\test.txt\n"
  -> start path: D:\test.txt\n
ShellExecute: D:\test.txt\n -> FAILED
Done: 2026-03-17 12:03:16

=== New Execution ===
argc: 2
argv[0]: E:\SomeTing\Object\Web-Wallpaper\runner.exe
argv[1]: mycmd://start%20%22D%3A%5Ctest.txt%22/
Extracted command: start "D:\test.txt"
Wide command: start "D:\test.txt"
Dispatch: start "D:\test.txt"
  -> start path: D:\test.txt
ShellExecute: D:\test.txt -> OK
Done: 2026-03-17 12:06:21

=== New Execution ===
argc: 2
argv[0]: E:\SomeTing\Object\Web-Wallpaper\runner.exe
argv[1]: mycmd://start%20%22%22%20%22D%3A%5Ctest.txt%22%20%26%20start%20%22%22%20%22E%3A%5CSometing%5CClickRun.exe%22/
Extracted command: start "" "D:\test.txt" & start "" "E:\Someting\ClickRun.exe"
Wide command: start "" "D:\test.txt" & start "" "E:\Someting\ClickRun.exe"
Dispatch: start "" "D:\test.txt"
  -> start path: D:\test.txt
ShellExecute: D:\test.txt -> OK
Dispatch: start "" "E:\Someting\ClickRun.exe"
  -> start path: E:\Someting\ClickRun.exe
ShellExecute: E:\Someting\ClickRun.exe -> OK
Done: 2026-03-17 12:12:35

=== New Execution ===
argc: 2
argv[0]: E:\SomeTing\Object\Web-Wallpaper\runner.exe
argv[1]: mycmd://start%20%22%22%20%22D%3A%5Ctest.txt%22%20%26%20start%20%22%22%20%22E%3A%5CSometing%5CClickRun.exe%22/
Extracted command: start "" "D:\test.txt" & start "" "E:\Someting\ClickRun.exe"
Wide command: start "" "D:\test.txt" & start "" "E:\Someting\ClickRun.exe"
Dispatch: start "" "D:\test.txt"
  -> start path: D:\test.txt
ShellExecute: D:\test.txt -> OK
Dispatch: start "" "E:\Someting\ClickRun.exe"
  -> start path: E:\Someting\ClickRun.exe
ShellExecute: E:\Someting\ClickRun.exe -> OK
Done: 2026-03-17 12:12:57

=== New Execution ===
argc: 2
argv[0]: E:\SomeTing\Object\Web-Wallpaper\runner.exe
argv[1]: mycmd://start%20%22%22%20%22D%3A%5Ctest.txt%22%20%26%20start%20%22%22%20%22E%3A%5CSometing%5CClickRun.exe%22/
Extracted command: start "" "D:\test.txt" & start "" "E:\Someting\ClickRun.exe"
Wide command: start "" "D:\test.txt" & start "" "E:\Someting\ClickRun.exe"
Dispatch: start "" "D:\test.txt"
  -> start path: D:\test.txt
ShellExecute: D:\test.txt -> OK
Dispatch: start "" "E:\Someting\ClickRun.exe"
  -> start path: E:\Someting\ClickRun.exe
ShellExecute: E:\Someting\ClickRun.exe -> OK
Done: 2026-03-17 12:13:11

=== New Execution ===
argc: 2
argv[0]: E:\SomeTing\Object\Web-Wallpaper\runner.exe
argv[1]: mycmd://ipconfig/
Extracted command: ipconfig
Wide command: ipconfig
Dispatch: ipconfig
CreateProcess: cmd.exe /c chcp 65001>nul && ipconfig -> OK
Done: 2026-03-17 12:15:01

=== New Execution ===
argc: 2
argv[0]: E:\SomeTing\Object\Web-Wallpaper\runner.exe
argv[1]: mycmd://start%20%22%22%20%22D%3A%5Ctest.txt%22%20%26%20start%20%22%22%20%22E%3A%5CSometing%5CClickRun.exe%22%20%26%20cmd%20%2Fk%20ipconfig/
Extracted command: start "" "D:\test.txt" & start "" "E:\Someting\ClickRun.exe" & cmd /k ipconfig
Wide command: start "" "D:\test.txt" & start "" "E:\Someting\ClickRun.exe" & cmd /k ipconfig
Dispatch: start "" "D:\test.txt"
  -> start path: D:\test.txt
ShellExecute: D:\test.txt -> OK
Dispatch: start "" "E:\Someting\ClickRun.exe"
  -> start path: E:\Someting\ClickRun.exe
ShellExecute: E:\Someting\ClickRun.exe -> OK
Dispatch: cmd /k ipconfig

=== New Execution ===
argc: 2
argv[0]: E:\SomeTing\Object\Web-Wallpaper\runner.exe
argv[1]: mycmd://start%20%22%22%20%22D%3A%5Ctest.txt%22%20%26%20start%20%22%22%20%22E%3A%5CSometing%5CClickRun.exe%22%20%26%20cmd%20%2Fk%20ipconfig/
Extracted command: start "" "D:\test.txt" & start "" "E:\Someting\ClickRun.exe" & cmd /k ipconfig
Wide command: start "" "D:\test.txt" & start "" "E:\Someting\ClickRun.exe" & cmd /k ipconfig
Dispatch: start "" "D:\test.txt"
  -> start path: D:\test.txt
ShellExecute: D:\test.txt -> OK
Dispatch: start "" "E:\Someting\ClickRun.exe"
  -> start path: E:\Someting\ClickRun.exe
ShellExecute: E:\Someting\ClickRun.exe -> OK
Dispatch: cmd /k ipconfig

=== New Execution ===
argc: 2
argv[0]: E:\SomeTing\Object\Web-Wallpaper\runner.exe
argv[1]: mycmd://ipconfig/
Extracted command: ipconfig
Wide command: ipconfig
Dispatch: ipconfig
CreateProcess: cmd.exe /c chcp 65001>nul && ipconfig -> OK
Done: 2026-03-17 12:16:08

=== New Execution ===
argc: 2
argv[0]: E:\SomeTing\Object\Web-Wallpaper\runner.exe
argv[1]: mycmd://ipconfig/
Extracted command: ipconfig
Wide command: ipconfig
Dispatch: ipconfig
CreateProcess: cmd.exe /c chcp 65001>nul && ipconfig -> OK
Done: 2026-03-17 12:16:15

=== New Execution ===
argc: 2
argv[0]: E:\SomeTing\Object\Web-Wallpaper\runner.exe
argv[1]: mycmd://ipconfig/
Extracted command: ipconfig
Wide command: ipconfig
Dispatch: ipconfig
CreateProcess: cmd.exe /c chcp 65001>nul && ipconfig -> OK
Done: 2026-03-17 12:16:31

=== New Execution ===
argc: 2
argv[0]: E:\SomeTing\Object\Web-Wallpaper\runner.exe
argv[1]: mycmd://cmd%20%2Fk%20chcp%2065001%3Enul%20%26%26%20ipconfig/
Extracted command: cmd /k chcp 65001>nul && ipconfig
Wide command: cmd /k chcp 65001>nul && ipconfig
Dispatch: cmd /k chcp 65001>nul && ipconfig

=== New Execution ===
argc: 2
argv[0]: E:\SomeTing\Object\Web-Wallpaper\runner.exe
argv[1]: mycmd://cmd%20%2Fk%20chcp%2065001%3Enul%20%26%26%20ipconfig/
Extracted command: cmd /k chcp 65001>nul && ipconfig
Wide command: cmd /k chcp 65001>nul && ipconfig
Dispatch: cmd /k chcp 65001>nul && ipconfig

=== New Execution ===
argc: 2
argv[0]: E:\SomeTing\Object\Web-Wallpaper\runner.exe
argv[1]: mycmd://cmd%20%2Fk%20chcp%2065001%3Enul%20%26%26%20ipconfig/
Extracted command: cmd /k chcp 65001>nul && ipconfig
Wide command: cmd /k chcp 65001>nul && ipconfig
Dispatch: cmd /k chcp 65001>nul && ipconfig
  -> cmd /k passthrough: cmd /k chcp 65001>nul && ipconfig
CreateProcess: cmd /k chcp 65001>nul && ipconfig -> OK
Done: 2026-03-17 12:21:36

=== New Execution ===
argc: 2
argv[0]: E:\SomeTing\Object\Web-Wallpaper\runner.exe
argv[1]: mycmd://cmd%20%2Fk%20chcp%2065001%3Enul%20%26%26%20ipconfig/
Extracted command: cmd /k chcp 65001>nul && ipconfig
Wide command: cmd /k chcp 65001>nul && ipconfig
Dispatch: cmd /k chcp 65001>nul && ipconfig
  -> cmd /k passthrough: cmd /k chcp 65001>nul && ipconfig
CreateProcess: cmd /k chcp 65001>nul && ipconfig -> OK
Done: 2026-03-17 12:21:40

=== New Execution ===
argc: 2
argv[0]: E:\SomeTing\Object\Web-Wallpaper\runner.exe
argv[1]: mycmd://start%20%22D%3A%5Ctest.txt%22%20%26%20start%20%22%22%20%22E%3A%5CSometing%5CClickRun.exe%22%20%26%20cmd%20%2Fk%20ipconfig/
Extracted command: start "D:\test.txt" & start "" "E:\Someting\ClickRun.exe" & cmd /k ipconfig
Wide command: start "D:\test.txt" & start "" "E:\Someting\ClickRun.exe" & cmd /k ipconfig
Dispatch: start "D:\test.txt"
  -> start path: D:\test.txt
ShellExecute: D:\test.txt -> OK
Dispatch: start "" "E:\Someting\ClickRun.exe"
  -> start path: E:\Someting\ClickRun.exe
ShellExecute: E:\Someting\ClickRun.exe -> OK
Dispatch: cmd /k ipconfig
  -> cmd /k passthrough: cmd /k ipconfig
CreateProcess: cmd /k ipconfig -> OK
Done: 2026-03-17 12:21:47
